#
# There is insufficient memory for the Java Runtime Environment to continue.
# Native memory allocation (malloc) failed to allocate 51056 bytes. Error detail: Chunk::new
# Possible reasons:
#   The system is out of physical RAM or swap space
#   This process is running with CompressedOops enabled, and the Java Heap may be blocking the growth of the native heap
# Possible solutions:
#   Reduce memory load on the system
#   Increase physical memory or swap space
#   Check if swap backing store is full
#   Decrease Java heap size (-Xmx/-Xms)
#   Decrease number of Java threads
#   Decrease Java thread stack sizes (-Xss)
#   Set larger code cache with -XX:ReservedCodeCacheSize=
#   JVM is running with Unscaled Compressed Oops mode in which the Java heap is
#     placed in the first 4GB address space. The Java Heap base address is the
#     maximum limit for the native heap growth. Please use -XX:HeapBaseMinAddress
#     to set the Java Heap base and to place the Java Heap above 4GB virtual address.
# This output file may be truncated or incomplete.
#
#  Out of Memory Error (arena.cpp:168), pid=39236, tid=8644
#
# JRE version: OpenJDK Runtime Environment Temurin-21.0.6+7 (21.0.6+7) (build 21.0.6+7-LTS)
# Java VM: OpenJDK 64-Bit Server VM Temurin-21.0.6+7 (21.0.6+7-LTS, mixed mode, sharing, tiered, compressed oops, compressed class ptrs, parallel gc, windows-amd64)
# No core dump will be written. Minidumps are not enabled by default on client versions of Windows
#

---------------  S U M M A R Y ------------

Command Line: --add-modules=ALL-SYSTEM --add-opens=java.base/java.util=ALL-UNNAMED --add-opens=java.base/java.lang=ALL-UNNAMED --add-opens=java.base/sun.nio.fs=ALL-UNNAMED -Declipse.application=org.eclipse.jdt.ls.core.id1 -Dosgi.bundles.defaultStartLevel=4 -Declipse.product=org.eclipse.jdt.ls.core.product -Djava.import.generatesMetadataFilesAtProjectRoot=false -DDetectVMInstallationsJob.disabled=true -Dfile.encoding=utf8 -XX:+UseParallelGC -XX:GCTimeRatio=4 -XX:AdaptiveSizePolicyWeight=90 -Dsun.zip.disableMemoryMapping=true -Xmx1G -Xms100m -Xlog:disable -javaagent:c:\Users\agoon\.windsurf\extensions\redhat.java-1.41.1-win32-x64\lombok\lombok-1.18.36.jar c:\Users\agoon\.windsurf\extensions\redhat.java-1.41.1-win32-x64\server\plugins\org.eclipse.equinox.launcher_1.7.0.v20250331-1702.jar -configuration c:\Users\agoon\AppData\Roaming\Windsurf\User\globalStorage\redhat.java\1.41.1\config_ss_win -data c:\Users\agoon\AppData\Roaming\Windsurf\User\workspaceStorage\8b7dde5fa31905413b8b6fb3049f8ef1\redhat.java\ss_ws --pipe=\\.\pipe\lsp-e168f7fcdaf98ed00a4c442ffa1bba32-sock

Host: AMD Ryzen 7 5800X 8-Core Processor             , 16 cores, 31G,  Windows 10 , 64 bit Build 19041 (10.0.19041.5198)
Time: Wed Jun 11 13:51:37 2025 Hora de verano romance elapsed time: 0.374797 seconds (0d 0h 0m 0s)

---------------  T H R E A D  ---------------

Current thread (0x000002cd581a0d70):  JavaThread "C2 CompilerThread2" daemon [_thread_in_native, id=8644, stack(0x000000fe32700000,0x000000fe32800000) (1024K)]


Current CompileTask:
C2:374  793       4       lombok.patcher.PatchScript::classMatches (41 bytes)

Stack: [0x000000fe32700000,0x000000fe32800000]
Native frames: (J=compiled Java code, j=interpreted, Vv=VM code, C=native code)
V  [jvm.dll+0x6cdee9]
V  [jvm.dll+0x8a83d1]
V  [jvm.dll+0x8aa8fe]
V  [jvm.dll+0x8aafe3]
V  [jvm.dll+0x27f706]
V  [jvm.dll+0xc500d]
V  [jvm.dll+0xc5543]
V  [jvm.dll+0x5d726a]
V  [jvm.dll+0x1dfaa1]
V  [jvm.dll+0x247b42]
V  [jvm.dll+0x246fcf]
V  [jvm.dll+0x1c75ee]
V  [jvm.dll+0x25685a]
V  [jvm.dll+0x254dfa]
V  [jvm.dll+0x3f0256]
V  [jvm.dll+0x851f8b]
V  [jvm.dll+0x6cc5ed]
C  [ucrtbase.dll+0x21bb2]
C  [KERNEL32.DLL+0x17374]
C  [ntdll.dll+0x4cc91]


---------------  P R O C E S S  ---------------

Threads class SMR info:
_java_thread_list=0x000002cd56d70f00, length=16, elements={
0x000002cd7f1923d0, 0x000002cd1431fe10, 0x000002cd14321670, 0x000002cd143231f0,
0x000002cd14326410, 0x000002cd143299d0, 0x000002cd1432c170, 0x000002cd569f9bf0,
0x000002cd569fb6e0, 0x000002cd1432c800, 0x000002cd56af98e0, 0x000002cd56c87050,
0x000002cd56c8bf10, 0x000002cd56d14800, 0x000002cd1432ce90, 0x000002cd581a0d70
}

Java Threads: ( => current thread )
  0x000002cd7f1923d0 JavaThread "main"                              [_thread_in_Java, id=22640, stack(0x000000fe31500000,0x000000fe31600000) (1024K)]
  0x000002cd1431fe10 JavaThread "Reference Handler"          daemon [_thread_blocked, id=33796, stack(0x000000fe31900000,0x000000fe31a00000) (1024K)]
  0x000002cd14321670 JavaThread "Finalizer"                  daemon [_thread_blocked, id=42244, stack(0x000000fe31a00000,0x000000fe31b00000) (1024K)]
  0x000002cd143231f0 JavaThread "Signal Dispatcher"          daemon [_thread_blocked, id=42412, stack(0x000000fe31b00000,0x000000fe31c00000) (1024K)]
  0x000002cd14326410 JavaThread "Attach Listener"            daemon [_thread_blocked, id=33924, stack(0x000000fe31c00000,0x000000fe31d00000) (1024K)]
  0x000002cd143299d0 JavaThread "Service Thread"             daemon [_thread_blocked, id=37892, stack(0x000000fe31d00000,0x000000fe31e00000) (1024K)]
  0x000002cd1432c170 JavaThread "Monitor Deflation Thread"   daemon [_thread_blocked, id=39520, stack(0x000000fe31e00000,0x000000fe31f00000) (1024K)]
  0x000002cd569f9bf0 JavaThread "C2 CompilerThread0"         daemon [_thread_in_native, id=41600, stack(0x000000fe31f00000,0x000000fe32000000) (1024K)]
  0x000002cd569fb6e0 JavaThread "C1 CompilerThread0"         daemon [_thread_blocked, id=4236, stack(0x000000fe32000000,0x000000fe32100000) (1024K)]
  0x000002cd1432c800 JavaThread "Common-Cleaner"             daemon [_thread_blocked, id=23188, stack(0x000000fe32100000,0x000000fe32200000) (1024K)]
  0x000002cd56af98e0 JavaThread "C1 CompilerThread1"         daemon [_thread_blocked, id=34572, stack(0x000000fe32200000,0x000000fe32300000) (1024K)]
  0x000002cd56c87050 JavaThread "C1 CompilerThread2"         daemon [_thread_blocked, id=38580, stack(0x000000fe32300000,0x000000fe32400000) (1024K)]
  0x000002cd56c8bf10 JavaThread "C1 CompilerThread3"         daemon [_thread_blocked, id=1668, stack(0x000000fe32400000,0x000000fe32500000) (1024K)]
  0x000002cd56d14800 JavaThread "C2 CompilerThread1"         daemon [_thread_in_native, id=30232, stack(0x000000fe32500000,0x000000fe32600000) (1024K)]
  0x000002cd1432ce90 JavaThread "Notification Thread"        daemon [_thread_blocked, id=36392, stack(0x000000fe32600000,0x000000fe32700000) (1024K)]
=>0x000002cd581a0d70 JavaThread "C2 CompilerThread2"         daemon [_thread_in_native, id=8644, stack(0x000000fe32700000,0x000000fe32800000) (1024K)]
Total: 16

Other Threads:
  0x000002cd143148b0 VMThread "VM Thread"                           [id=23224, stack(0x000000fe31800000,0x000000fe31900000) (1024K)]
  0x000002cd1420cbf0 WatcherThread "VM Periodic Task Thread"        [id=32216, stack(0x000000fe31700000,0x000000fe31800000) (1024K)]
  0x000002cd7f1b0f10 WorkerThread "GC Thread#0"                     [id=2068, stack(0x000000fe31600000,0x000000fe31700000) (1024K)]
Total: 3

Threads with active compile tasks:
C2 CompilerThread0  387  792       4       lombok.patcher.scripts.MethodLevelPatchScript::patch (21 bytes)
C2 CompilerThread1  387  915       4       java.util.HashMap::put (13 bytes)
C2 CompilerThread2  387  793       4       lombok.patcher.PatchScript::classMatches (41 bytes)
Total: 3

VM state: not at safepoint (normal execution)

VM Mutex/Monitor currently owned by a thread: None

Heap address: 0x00000000c0000000, size: 1024 MB, Compressed Oops mode: 32-bit

CDS archive(s) mapped at: [0x000002cd15000000-0x000002cd15ba0000-0x000002cd15ba0000), size 12189696, SharedBaseAddress: 0x000002cd15000000, ArchiveRelocationMode: 1.
Compressed class space mapped at: 0x000002cd16000000-0x000002cd56000000, reserved size: 1073741824
Narrow klass base: 0x000002cd15000000, Narrow klass shift: 0, Narrow klass range: 0x100000000

GC Precious Log:
 CardTable entry size: 512
 CPUs: 16 total, 16 available
 Memory: 32679M
 Large Page Support: Disabled
 NUMA Support: Disabled
 Compressed Oops: Enabled (32-bit)
 Alignments: Space 512K, Generation 512K, Heap 2M
 Heap Min Capacity: 100M
 Heap Initial Capacity: 100M
 Heap Max Capacity: 1G
 Pre-touch: Disabled
 Parallel Workers: 13

Heap:
 PSYoungGen      total 29696K, used 19273K [0x00000000eab00000, 0x00000000ecc00000, 0x0000000100000000)
  eden space 25600K, 75% used [0x00000000eab00000,0x00000000ebdd2578,0x00000000ec400000)
  from space 4096K, 0% used [0x00000000ec800000,0x00000000ec800000,0x00000000ecc00000)
  to   space 4096K, 0% used [0x00000000ec400000,0x00000000ec400000,0x00000000ec800000)
 ParOldGen       total 68608K, used 0K [0x00000000c0000000, 0x00000000c4300000, 0x00000000eab00000)
  object space 68608K, 0% used [0x00000000c0000000,0x00000000c0000000,0x00000000c4300000)
 Metaspace       used 3239K, committed 3456K, reserved 1114112K
  class space    used 324K, committed 448K, reserved 1048576K

Card table byte_map: [0x000002cd7eb40000,0x000002cd7ed50000] _byte_map_base: 0x000002cd7e540000

Marking Bits: (ParMarkBitMap*) 0x00007ff9be573260
 Begin Bits: [0x000002cd12130000, 0x000002cd13130000)
 End Bits:   [0x000002cd13130000, 0x000002cd14130000)

Polling page: 0x000002cd7cfc0000

Metaspace:

Usage:
  Non-class:      2.85 MB used.
      Class:    324.31 KB used.
       Both:      3.16 MB used.

Virtual space:
  Non-class space:       64.00 MB reserved,       2.94 MB (  5%) committed,  1 nodes.
      Class space:        1.00 GB reserved,     448.00 KB ( <1%) committed,  1 nodes.
             Both:        1.06 GB reserved,       3.38 MB ( <1%) committed. 

Chunk freelists:
   Non-Class:  11.53 MB
       Class:  15.51 MB
        Both:  27.05 MB

MaxMetaspaceSize: unlimited
CompressedClassSpaceSize: 1.00 GB
Initial GC threshold: 21.00 MB
Current GC threshold: 21.00 MB
CDS: on
 - commit_granule_bytes: 65536.
 - commit_granule_words: 8192.
 - virtual_space_node_default_size: 8388608.
 - enlarge_chunks_in_place: 1.
 - use_allocation_guard: 0.


Internal statistics:

num_allocs_failed_limit: 0.
num_arena_births: 132.
num_arena_deaths: 0.
num_vsnodes_births: 2.
num_vsnodes_deaths: 0.
num_space_committed: 54.
num_space_uncommitted: 0.
num_chunks_returned_to_freelist: 0.
num_chunks_taken_from_freelist: 170.
num_chunk_merges: 0.
num_chunk_splits: 111.
num_chunks_enlarged: 61.
num_inconsistent_stats: 0.

CodeHeap 'non-profiled nmethods': size=119168Kb used=311Kb max_used=311Kb free=118856Kb
 bounds [0x000002cd0acd0000, 0x000002cd0af40000, 0x000002cd12130000]
CodeHeap 'profiled nmethods': size=119104Kb used=1514Kb max_used=1514Kb free=117589Kb
 bounds [0x000002cd03130000, 0x000002cd033a0000, 0x000002cd0a580000]
CodeHeap 'non-nmethods': size=7488Kb used=2878Kb max_used=2892Kb free=4609Kb
 bounds [0x000002cd0a580000, 0x000002cd0a860000, 0x000002cd0acd0000]
 total_blobs=1384 nmethods=933 adapters=355
 compilation: enabled
              stopped_count=0, restarted_count=0
 full_count=0

Compilation events (20 events):
Event: 0.369 Thread 0x000002cd56c87050 nmethod 892 0x000002cd0328e710 code [0x000002cd0328e980, 0x000002cd0328f188]
Event: 0.369 Thread 0x000002cd56c87050  894       3       java.lang.invoke.InvokerBytecodeGenerator::storeInsnOpcode (98 bytes)
Event: 0.369 Thread 0x000002cd56af98e0 nmethod 893 0x000002cd0328f410 code [0x000002cd0328f600, 0x000002cd0328f9f0]
Event: 0.369 Thread 0x000002cd56af98e0  895       3       jdk.internal.org.objectweb.asm.MethodWriter::visitMethodInsn (191 bytes)
Event: 0.370 Thread 0x000002cd56c87050 nmethod 894 0x000002cd0328fc10 code [0x000002cd0328fe80, 0x000002cd032907c8]
Event: 0.370 Thread 0x000002cd569fb6e0 nmethod 891 0x000002cd03290b10 code [0x000002cd03290e40, 0x000002cd03291c90]
Event: 0.370 Thread 0x000002cd56c87050  896       3       jdk.internal.org.objectweb.asm.SymbolTable::addConstantMethodref (24 bytes)
Event: 0.370 Thread 0x000002cd56c8bf10 nmethod 889 0x000002cd03292290 code [0x000002cd03292640, 0x000002cd032939c0]
Event: 0.370 Thread 0x000002cd56af98e0 nmethod 895 0x000002cd03293f10 code [0x000002cd03294160, 0x000002cd032948a8]
Event: 0.370 Thread 0x000002cd56c87050 nmethod 896 0x000002cd03294c10 code [0x000002cd03294dc0, 0x000002cd03294f60]
Event: 0.372 Thread 0x000002cd56c8bf10  897       3       java.lang.StringConcatHelper::newString (67 bytes)
Event: 0.372 Thread 0x000002cd56af98e0  898       3       java.lang.StringConcatHelper::simpleConcat (94 bytes)
Event: 0.372 Thread 0x000002cd56c87050  899       3       java.lang.StringConcatHelper::initialCoder (14 bytes)
Event: 0.372 Thread 0x000002cd56d14800  900       4       java.lang.String::getBytes (44 bytes)
Event: 0.372 Thread 0x000002cd56c87050 nmethod 899 0x000002cd03295010 code [0x000002cd032951a0, 0x000002cd032952b0]
Event: 0.372 Thread 0x000002cd56c8bf10 nmethod 897 0x000002cd03295310 code [0x000002cd03295580, 0x000002cd03295ea8]
Event: 0.373 Thread 0x000002cd56c87050  901       1       jdk.internal.loader.BuiltinClassLoader$LoadedModule::loader (5 bytes)
Event: 0.373 Thread 0x000002cd56af98e0 nmethod 898 0x000002cd03296210 code [0x000002cd03296560, 0x000002cd032977d8]
Event: 0.373 Thread 0x000002cd56c87050 nmethod 901 0x000002cd0ad1ce90 code [0x000002cd0ad1d020, 0x000002cd0ad1d0e8]
Event: 0.373 Thread 0x000002cd56d14800 nmethod 900 0x000002cd0ad1d190 code [0x000002cd0ad1d320, 0x000002cd0ad1d488]

GC Heap History (0 events):
No events

Dll operation events (8 events):
Event: 0.005 Loaded shared library c:\Users\agoon\.windsurf\extensions\redhat.java-1.41.1-win32-x64\jre\21.0.6-win32-x86_64\bin\java.dll
Event: 0.050 Loaded shared library c:\Users\agoon\.windsurf\extensions\redhat.java-1.41.1-win32-x64\jre\21.0.6-win32-x86_64\bin\zip.dll
Event: 0.062 Loaded shared library C:\Users\agoon\.windsurf\extensions\redhat.java-1.41.1-win32-x64\jre\21.0.6-win32-x86_64\bin\instrument.dll
Event: 0.065 Loaded shared library C:\Users\agoon\.windsurf\extensions\redhat.java-1.41.1-win32-x64\jre\21.0.6-win32-x86_64\bin\net.dll
Event: 0.067 Loaded shared library C:\Users\agoon\.windsurf\extensions\redhat.java-1.41.1-win32-x64\jre\21.0.6-win32-x86_64\bin\nio.dll
Event: 0.069 Loaded shared library C:\Users\agoon\.windsurf\extensions\redhat.java-1.41.1-win32-x64\jre\21.0.6-win32-x86_64\bin\zip.dll
Event: 0.082 Loaded shared library C:\Users\agoon\.windsurf\extensions\redhat.java-1.41.1-win32-x64\jre\21.0.6-win32-x86_64\bin\jimage.dll
Event: 0.132 Loaded shared library c:\Users\agoon\.windsurf\extensions\redhat.java-1.41.1-win32-x64\jre\21.0.6-win32-x86_64\bin\verify.dll

Deoptimization events (20 events):
Event: 0.305 Thread 0x000002cd7f1923d0 DEOPT PACKING pc=0x000002cd0323e904 sp=0x000000fe315fd930
Event: 0.305 Thread 0x000002cd7f1923d0 DEOPT UNPACKING pc=0x000002cd0a5d4242 sp=0x000000fe315fcd88 mode 0
Event: 0.305 Thread 0x000002cd7f1923d0 DEOPT PACKING pc=0x000002cd0323e904 sp=0x000000fe315fd930
Event: 0.305 Thread 0x000002cd7f1923d0 DEOPT UNPACKING pc=0x000002cd0a5d4242 sp=0x000000fe315fcd88 mode 0
Event: 0.308 Thread 0x000002cd7f1923d0 Uncommon trap: trap_request=0xffffff45 fr.pc=0x000002cd0ace049c relative=0x000000000000085c
Event: 0.308 Thread 0x000002cd7f1923d0 Uncommon trap: reason=unstable_if action=reinterpret pc=0x000002cd0ace049c method=java.util.HashMap.putVal(ILjava/lang/Object;Ljava/lang/Object;ZZ)Ljava/lang/Object; @ 81 c2
Event: 0.308 Thread 0x000002cd7f1923d0 DEOPT PACKING pc=0x000002cd0ace049c sp=0x000000fe315fdf30
Event: 0.308 Thread 0x000002cd7f1923d0 DEOPT UNPACKING pc=0x000002cd0a5d3aa2 sp=0x000000fe315fdef0 mode 2
Event: 0.311 Thread 0x000002cd7f1923d0 Uncommon trap: trap_request=0xffffff6e fr.pc=0x000002cd0ad0ff9c relative=0x00000000000001fc
Event: 0.311 Thread 0x000002cd7f1923d0 Uncommon trap: reason=loop_limit_check action=maybe_recompile pc=0x000002cd0ad0ff9c method=java.math.BigInteger.implMulAdd([I[IIII)I @ 26 c2
Event: 0.311 Thread 0x000002cd7f1923d0 DEOPT PACKING pc=0x000002cd0ad0ff9c sp=0x000000fe315fda00
Event: 0.311 Thread 0x000002cd7f1923d0 DEOPT UNPACKING pc=0x000002cd0a5d3aa2 sp=0x000000fe315fd950 mode 2
Event: 0.344 Thread 0x000002cd7f1923d0 Uncommon trap: trap_request=0xffffff45 fr.pc=0x000002cd0ad149ac relative=0x000000000000008c
Event: 0.344 Thread 0x000002cd7f1923d0 Uncommon trap: reason=unstable_if action=reinterpret pc=0x000002cd0ad149ac method=jdk.internal.misc.Unsafe.convEndian(ZI)I @ 4 c2
Event: 0.344 Thread 0x000002cd7f1923d0 DEOPT PACKING pc=0x000002cd0ad149ac sp=0x000000fe315fdca0
Event: 0.344 Thread 0x000002cd7f1923d0 DEOPT UNPACKING pc=0x000002cd0a5d3aa2 sp=0x000000fe315fdbd0 mode 2
Event: 0.347 Thread 0x000002cd7f1923d0 Uncommon trap: trap_request=0xffffff45 fr.pc=0x000002cd0acfcb50 relative=0x00000000000005f0
Event: 0.347 Thread 0x000002cd7f1923d0 Uncommon trap: reason=unstable_if action=reinterpret pc=0x000002cd0acfcb50 method=java.lang.AbstractStringBuilder.append(Ljava/lang/String;)Ljava/lang/AbstractStringBuilder; @ 1 c2
Event: 0.347 Thread 0x000002cd7f1923d0 DEOPT PACKING pc=0x000002cd0acfcb50 sp=0x000000fe315fe000
Event: 0.347 Thread 0x000002cd7f1923d0 DEOPT UNPACKING pc=0x000002cd0a5d3aa2 sp=0x000000fe315fdf90 mode 2

Classes loaded (20 events):
Event: 0.336 Loading class java/net/URL$1
Event: 0.336 Loading class java/net/URL$1 done
Event: 0.336 Loading class java/net/spi/URLStreamHandlerProvider
Event: 0.336 Loading class java/net/spi/URLStreamHandlerProvider done
Event: 0.343 Loading class java/net/URLConnection$1
Event: 0.343 Loading class java/net/FileNameMap
Event: 0.343 Loading class java/net/FileNameMap done
Event: 0.343 Loading class java/net/URLConnection$1 done
Event: 0.343 Loading class sun/net/www/MimeTable
Event: 0.343 Loading class sun/net/www/MimeTable done
Event: 0.343 Loading class sun/net/www/MimeTable$1
Event: 0.343 Loading class sun/net/www/MimeTable$1 done
Event: 0.343 Loading class sun/net/www/MimeTable$2
Event: 0.343 Loading class sun/net/www/MimeTable$2 done
Event: 0.343 Loading class sun/net/www/MimeTable$DefaultInstanceHolder
Event: 0.343 Loading class sun/net/www/MimeTable$DefaultInstanceHolder done
Event: 0.343 Loading class sun/net/www/MimeTable$DefaultInstanceHolder$1
Event: 0.344 Loading class sun/net/www/MimeTable$DefaultInstanceHolder$1 done
Event: 0.346 Loading class sun/net/www/MimeEntry
Event: 0.346 Loading class sun/net/www/MimeEntry done

Classes unloaded (0 events):
No events

Classes redefined (0 events):
No events

Internal exceptions (19 events):
Event: 0.047 Thread 0x000002cd7f1923d0 Exception <a 'java/lang/NoSuchMethodError'{0x00000000ead2ad60}: 'void java.lang.invoke.DirectMethodHandle$Holder.invokeStatic(java.lang.Object, java.lang.Object, java.lang.Object)'> (0x00000000ead2ad60) 
thrown [s\src\hotspot\share\interpreter\linkResolver.cpp, line 773]
Event: 0.078 Thread 0x000002cd7f1923d0 Exception <a 'java/lang/NoSuchMethodError'{0x00000000eaf13dd8}: 'java.lang.Object java.lang.invoke.Invokers$Holder.invokeExact_MT(java.lang.Object, java.lang.Object, java.lang.Object, java.lang.Object, java.lang.Object)'> (0x00000000eaf13dd8) 
thrown [s\src\hotspot\share\interpreter\linkResolver.cpp, line 773]
Event: 0.106 Thread 0x000002cd7f1923d0 Exception <a 'java/lang/NoSuchMethodError'{0x00000000eafcce00}: 'int java.lang.invoke.DirectMethodHandle$Holder.invokeSpecial(java.lang.Object, java.lang.Object, java.lang.Object, int)'> (0x00000000eafcce00) 
thrown [s\src\hotspot\share\interpreter\linkResolver.cpp, line 773]
Event: 0.108 Thread 0x000002cd7f1923d0 Exception <a 'java/lang/NoSuchMethodError'{0x00000000eafdf7e8}: 'java.lang.Object java.lang.invoke.DirectMethodHandle$Holder.invokeStatic(java.lang.Object, java.lang.Object, java.lang.Object, java.lang.Object, int)'> (0x00000000eafdf7e8) 
thrown [s\src\hotspot\share\interpreter\linkResolver.cpp, line 773]
Event: 0.109 Thread 0x000002cd7f1923d0 Exception <a 'java/lang/NoSuchMethodError'{0x00000000eafeac28}: 'void java.lang.invoke.DelegatingMethodHandle$Holder.reinvoke_L(java.lang.Object, java.lang.Object, java.lang.Object, int, java.lang.Object)'> (0x00000000eafeac28) 
thrown [s\src\hotspot\share\interpreter\linkResolver.cpp, line 773]
Event: 0.111 Thread 0x000002cd7f1923d0 Exception <a 'java/lang/NoSuchMethodError'{0x00000000eaffb578}: 'int java.lang.invoke.DirectMethodHandle$Holder.invokeSpecial(java.lang.Object, java.lang.Object, java.lang.Object)'> (0x00000000eaffb578) 
thrown [s\src\hotspot\share\interpreter\linkResolver.cpp, line 773]
Event: 0.112 Thread 0x000002cd7f1923d0 Exception <a 'java/lang/NoSuchMethodError'{0x00000000eb007238}: 'java.lang.Object java.lang.invoke.DirectMethodHandle$Holder.invokeStatic(java.lang.Object, java.lang.Object, int)'> (0x00000000eb007238) 
thrown [s\src\hotspot\share\interpreter\linkResolver.cpp, line 773]
Event: 0.112 Thread 0x000002cd7f1923d0 Exception <a 'java/lang/NoSuchMethodError'{0x00000000eb00bb88}: 'void java.lang.invoke.DirectMethodHandle$Holder.invokeStatic(java.lang.Object, java.lang.Object, int, java.lang.Object)'> (0x00000000eb00bb88) 
thrown [s\src\hotspot\share\interpreter\linkResolver.cpp, line 773]
Event: 0.113 Thread 0x000002cd7f1923d0 Exception <a 'java/lang/NoSuchMethodError'{0x00000000eb00f718}: 'void java.lang.invoke.DirectMethodHandle$Holder.invokeSpecial(java.lang.Object, java.lang.Object, java.lang.Object, int, java.lang.Object)'> (0x00000000eb00f718) 
thrown [s\src\hotspot\share\interpreter\linkResolver.cpp, line 773]
Event: 0.113 Thread 0x000002cd7f1923d0 Exception <a 'java/lang/NoSuchMethodError'{0x00000000eb112df8}: 'void java.lang.invoke.DelegatingMethodHandle$Holder.delegate(java.lang.Object, java.lang.Object, int, java.lang.Object)'> (0x00000000eb112df8) 
thrown [s\src\hotspot\share\interpreter\linkResolver.cpp, line 773]
Event: 0.151 Thread 0x000002cd7f1923d0 Exception <a 'java/lang/NoSuchMethodError'{0x00000000eb2d1ac0}: 'void java.lang.invoke.DelegatingMethodHandle$Holder.reinvoke_L(java.lang.Object, java.lang.Object, java.lang.Object, int)'> (0x00000000eb2d1ac0) 
thrown [s\src\hotspot\share\interpreter\linkResolver.cpp, line 773]
Event: 0.251 Thread 0x000002cd7f1923d0 Exception <a 'java/lang/NoSuchMethodError'{0x00000000eb7594e8}: 'void java.lang.invoke.DirectMethodHandle$Holder.invokeVirtual(java.lang.Object, java.lang.Object)'> (0x00000000eb7594e8) 
thrown [s\src\hotspot\share\interpreter\linkResolver.cpp, line 773]
Event: 0.338 Thread 0x000002cd7f1923d0 Exception <a 'java/lang/ClassNotFoundException'{0x00000000ebb549b0}: sun/net/www/protocol/c/Handler> (0x00000000ebb549b0) 
thrown [s\src\hotspot\share\classfile\systemDictionary.cpp, line 312]
Event: 0.341 Thread 0x000002cd7f1923d0 Exception <a 'java/io/FileNotFoundException'{0x00000000ebb69d18}> (0x00000000ebb69d18) 
thrown [s\src\hotspot\share\prims\jni.cpp, line 520]
Event: 0.342 Thread 0x000002cd7f1923d0 Exception <a 'java/io/FileNotFoundException'{0x00000000ebb6ec48}> (0x00000000ebb6ec48) 
thrown [s\src\hotspot\share\prims\jni.cpp, line 520]
Event: 0.342 Thread 0x000002cd7f1923d0 Exception <a 'java/io/FileNotFoundException'{0x00000000ebb6f908}> (0x00000000ebb6f908) 
thrown [s\src\hotspot\share\prims\jni.cpp, line 520]
Event: 0.343 Thread 0x000002cd7f1923d0 Exception <a 'java/io/FileNotFoundException'{0x00000000ebb704a8}> (0x00000000ebb704a8) 
thrown [s\src\hotspot\share\prims\jni.cpp, line 520]
Event: 0.347 Thread 0x000002cd7f1923d0 Implicit null exception at 0x000002cd0acfc5a4 to 0x000002cd0acfcb38
Event: 0.349 Thread 0x000002cd7f1923d0 Exception <a 'java/io/FileNotFoundException'{0x00000000ebbaa6a8}> (0x00000000ebbaa6a8) 
thrown [s\src\hotspot\share\prims\jni.cpp, line 520]

ZGC Phase Switch (0 events):
No events

VM Operations (8 events):
Event: 0.049 Executing VM operation: HandshakeAllThreads (Deoptimize)
Event: 0.049 Executing VM operation: HandshakeAllThreads (Deoptimize) done
Event: 0.092 Executing VM operation: HandshakeAllThreads (Deoptimize)
Event: 0.092 Executing VM operation: HandshakeAllThreads (Deoptimize) done
Event: 0.317 Executing VM operation: HandshakeAllThreads (Deoptimize)
Event: 0.317 Executing VM operation: HandshakeAllThreads (Deoptimize) done
Event: 0.333 Executing VM operation: HandshakeAllThreads (Deoptimize)
Event: 0.333 Executing VM operation: HandshakeAllThreads (Deoptimize) done

Memory protections (0 events):
No events

Nmethod flushes (0 events):
No events

Events (16 events):
Event: 0.016 Thread 0x000002cd7f1923d0 Thread added: 0x000002cd7f1923d0
Event: 0.027 Thread 0x000002cd7f1923d0 Thread added: 0x000002cd1431fe10
Event: 0.027 Thread 0x000002cd7f1923d0 Thread added: 0x000002cd14321670
Event: 0.028 Thread 0x000002cd7f1923d0 Thread added: 0x000002cd143231f0
Event: 0.028 Thread 0x000002cd7f1923d0 Thread added: 0x000002cd14326410
Event: 0.028 Thread 0x000002cd7f1923d0 Thread added: 0x000002cd143299d0
Event: 0.028 Thread 0x000002cd7f1923d0 Thread added: 0x000002cd1432c170
Event: 0.028 Thread 0x000002cd7f1923d0 Thread added: 0x000002cd569f9bf0
Event: 0.028 Thread 0x000002cd7f1923d0 Thread added: 0x000002cd569fb6e0
Event: 0.042 Thread 0x000002cd7f1923d0 Thread added: 0x000002cd1432c800
Event: 0.048 Thread 0x000002cd569fb6e0 Thread added: 0x000002cd56af98e0
Event: 0.089 Thread 0x000002cd56af98e0 Thread added: 0x000002cd56c87050
Event: 0.089 Thread 0x000002cd56af98e0 Thread added: 0x000002cd56c8bf10
Event: 0.128 Thread 0x000002cd569f9bf0 Thread added: 0x000002cd56d14800
Event: 0.205 Thread 0x000002cd7f1923d0 Thread added: 0x000002cd1432ce90
Event: 0.275 Thread 0x000002cd56c87050 Thread added: 0x000002cd581a0d70


Dynamic libraries:
0x00007ff649f90000 - 0x00007ff649f9e000 	c:\Users\agoon\.windsurf\extensions\redhat.java-1.41.1-win32-x64\jre\21.0.6-win32-x86_64\bin\java.exe
0x00007ffa74650000 - 0x00007ffa74848000 	C:\Windows\SYSTEM32\ntdll.dll
0x00007ffa726f0000 - 0x00007ffa727b2000 	C:\Windows\System32\KERNEL32.DLL
0x00007ffa721a0000 - 0x00007ffa7249f000 	C:\Windows\System32\KERNELBASE.dll
0x00007ffa72050000 - 0x00007ffa72150000 	C:\Windows\System32\ucrtbase.dll
0x00007ffa53f30000 - 0x00007ffa53f4e000 	c:\Users\agoon\.windsurf\extensions\redhat.java-1.41.1-win32-x64\jre\21.0.6-win32-x86_64\bin\VCRUNTIME140.dll
0x00007ffa57710000 - 0x00007ffa57728000 	c:\Users\agoon\.windsurf\extensions\redhat.java-1.41.1-win32-x64\jre\21.0.6-win32-x86_64\bin\jli.dll
0x00007ffa73730000 - 0x00007ffa738cd000 	C:\Windows\System32\USER32.dll
0x00007ffa5f030000 - 0x00007ffa5f2ca000 	C:\Windows\WinSxS\amd64_microsoft.windows.common-controls_6595b64144ccf1df_6.0.19041.4355_none_60b8b9eb71f62e16\COMCTL32.dll
0x00007ffa72020000 - 0x00007ffa72042000 	C:\Windows\System32\win32u.dll
0x00007ffa72e60000 - 0x00007ffa72efe000 	C:\Windows\System32\msvcrt.dll
0x00007ffa72f60000 - 0x00007ffa72f8b000 	C:\Windows\System32\GDI32.dll
0x00007ffa71f00000 - 0x00007ffa72017000 	C:\Windows\System32\gdi32full.dll
0x00007ffa72550000 - 0x00007ffa725ed000 	C:\Windows\System32\msvcp_win.dll
0x00007ffa738d0000 - 0x00007ffa738ff000 	C:\Windows\System32\IMM32.DLL
0x00007ffa6a060000 - 0x00007ffa6a06c000 	c:\Users\agoon\.windsurf\extensions\redhat.java-1.41.1-win32-x64\jre\21.0.6-win32-x86_64\bin\vcruntime140_1.dll
0x00007ffa43150000 - 0x00007ffa431dd000 	c:\Users\agoon\.windsurf\extensions\redhat.java-1.41.1-win32-x64\jre\21.0.6-win32-x86_64\bin\msvcp140.dll
0x00007ff9bd8c0000 - 0x00007ff9be650000 	c:\Users\agoon\.windsurf\extensions\redhat.java-1.41.1-win32-x64\jre\21.0.6-win32-x86_64\bin\server\jvm.dll
0x00007ffa73900000 - 0x00007ffa739b1000 	C:\Windows\System32\ADVAPI32.dll
0x00007ffa73690000 - 0x00007ffa7372f000 	C:\Windows\System32\sechost.dll
0x00007ffa73c50000 - 0x00007ffa73d73000 	C:\Windows\System32\RPCRT4.dll
0x00007ffa71ce0000 - 0x00007ffa71d07000 	C:\Windows\System32\bcrypt.dll
0x00007ffa73d80000 - 0x00007ffa73deb000 	C:\Windows\System32\WS2_32.dll
0x00007ffa71270000 - 0x00007ffa712bb000 	C:\Windows\SYSTEM32\POWRPROF.dll
0x00007ffa644b0000 - 0x00007ffa644d7000 	C:\Windows\SYSTEM32\WINMM.dll
0x00007ffa6a590000 - 0x00007ffa6a59a000 	C:\Windows\SYSTEM32\VERSION.dll
0x00007ffa710e0000 - 0x00007ffa710f2000 	C:\Windows\SYSTEM32\UMPDC.dll
0x00007ffa6fb80000 - 0x00007ffa6fb92000 	C:\Windows\SYSTEM32\kernel.appcore.dll
0x00007ffa576f0000 - 0x00007ffa576fa000 	c:\Users\agoon\.windsurf\extensions\redhat.java-1.41.1-win32-x64\jre\21.0.6-win32-x86_64\bin\jimage.dll
0x00007ffa68410000 - 0x00007ffa685f4000 	C:\Windows\SYSTEM32\DBGHELP.DLL
0x00007ffa44d60000 - 0x00007ffa44d94000 	C:\Windows\SYSTEM32\dbgcore.DLL
0x00007ffa71d10000 - 0x00007ffa71d92000 	C:\Windows\System32\bcryptPrimitives.dll
0x00007ffa57440000 - 0x00007ffa5744f000 	c:\Users\agoon\.windsurf\extensions\redhat.java-1.41.1-win32-x64\jre\21.0.6-win32-x86_64\bin\instrument.dll
0x00007ffa49860000 - 0x00007ffa4987f000 	c:\Users\agoon\.windsurf\extensions\redhat.java-1.41.1-win32-x64\jre\21.0.6-win32-x86_64\bin\java.dll
0x00007ffa73ea0000 - 0x00007ffa7460e000 	C:\Windows\System32\SHELL32.dll
0x00007ffa6fd80000 - 0x00007ffa70524000 	C:\Windows\SYSTEM32\windows.storage.dll
0x00007ffa73330000 - 0x00007ffa73685000 	C:\Windows\System32\combase.dll
0x00007ffa71710000 - 0x00007ffa7173f000 	C:\Windows\SYSTEM32\Wldp.dll
0x00007ffa72fa0000 - 0x00007ffa7306d000 	C:\Windows\System32\OLEAUT32.dll
0x00007ffa73df0000 - 0x00007ffa73e9d000 	C:\Windows\System32\SHCORE.dll
0x00007ffa72980000 - 0x00007ffa729d5000 	C:\Windows\System32\shlwapi.dll
0x00007ffa71c10000 - 0x00007ffa71c34000 	C:\Windows\SYSTEM32\profapi.dll
0x00007ffa45bc0000 - 0x00007ffa45bd8000 	c:\Users\agoon\.windsurf\extensions\redhat.java-1.41.1-win32-x64\jre\21.0.6-win32-x86_64\bin\zip.dll
0x00007ffa51be0000 - 0x00007ffa51bf0000 	C:\Users\agoon\.windsurf\extensions\redhat.java-1.41.1-win32-x64\jre\21.0.6-win32-x86_64\bin\net.dll
0x00007ffa6d2f0000 - 0x00007ffa6d3fd000 	C:\Windows\SYSTEM32\WINHTTP.dll
0x00007ffa71470000 - 0x00007ffa714da000 	C:\Windows\system32\mswsock.dll
0x00007ffa452f0000 - 0x00007ffa45306000 	C:\Users\agoon\.windsurf\extensions\redhat.java-1.41.1-win32-x64\jre\21.0.6-win32-x86_64\bin\nio.dll
0x00007ffa513b0000 - 0x00007ffa513c0000 	c:\Users\agoon\.windsurf\extensions\redhat.java-1.41.1-win32-x64\jre\21.0.6-win32-x86_64\bin\verify.dll

dbghelp: loaded successfully - version: 4.0.5 - missing functions: none
symbol engine: initialized successfully - sym options: 0x614 - pdb path: .;c:\Users\agoon\.windsurf\extensions\redhat.java-1.41.1-win32-x64\jre\21.0.6-win32-x86_64\bin;C:\Windows\SYSTEM32;C:\Windows\WinSxS\amd64_microsoft.windows.common-controls_6595b64144ccf1df_6.0.19041.4355_none_60b8b9eb71f62e16;c:\Users\agoon\.windsurf\extensions\redhat.java-1.41.1-win32-x64\jre\21.0.6-win32-x86_64\bin\server

VM Arguments:
jvm_args: --add-modules=ALL-SYSTEM --add-opens=java.base/java.util=ALL-UNNAMED --add-opens=java.base/java.lang=ALL-UNNAMED --add-opens=java.base/sun.nio.fs=ALL-UNNAMED -Declipse.application=org.eclipse.jdt.ls.core.id1 -Dosgi.bundles.defaultStartLevel=4 -Declipse.product=org.eclipse.jdt.ls.core.product -Djava.import.generatesMetadataFilesAtProjectRoot=false -DDetectVMInstallationsJob.disabled=true -Dfile.encoding=utf8 -XX:+UseParallelGC -XX:GCTimeRatio=4 -XX:AdaptiveSizePolicyWeight=90 -Dsun.zip.disableMemoryMapping=true -Xmx1G -Xms100m -Xlog:disable -javaagent:c:\Users\agoon\.windsurf\extensions\redhat.java-1.41.1-win32-x64\lombok\lombok-1.18.36.jar 
java_command: c:\Users\agoon\.windsurf\extensions\redhat.java-1.41.1-win32-x64\server\plugins\org.eclipse.equinox.launcher_1.7.0.v20250331-1702.jar -configuration c:\Users\agoon\AppData\Roaming\Windsurf\User\globalStorage\redhat.java\1.41.1\config_ss_win -data c:\Users\agoon\AppData\Roaming\Windsurf\User\workspaceStorage\8b7dde5fa31905413b8b6fb3049f8ef1\redhat.java\ss_ws --pipe=\\.\pipe\lsp-e168f7fcdaf98ed00a4c442ffa1bba32-sock
java_class_path (initial): c:\Users\agoon\.windsurf\extensions\redhat.java-1.41.1-win32-x64\server\plugins\org.eclipse.equinox.launcher_1.7.0.v20250331-1702.jar
Launcher Type: SUN_STANDARD

[Global flags]
    uintx AdaptiveSizePolicyWeight                 = 90                                        {product} {command line}
     intx CICompilerCount                          = 12                                        {product} {ergonomic}
    uintx GCTimeRatio                              = 4                                         {product} {command line}
   size_t InitialHeapSize                          = 104857600                                 {product} {command line}
   size_t MaxHeapSize                              = 1073741824                                {product} {command line}
   size_t MaxNewSize                               = 357564416                                 {product} {ergonomic}
   size_t MinHeapDeltaBytes                        = 524288                                    {product} {ergonomic}
   size_t MinHeapSize                              = 104857600                                 {product} {command line}
   size_t NewSize                                  = 34603008                                  {product} {ergonomic}
    uintx NonNMethodCodeHeapSize                   = 7602480                                {pd product} {ergonomic}
    uintx NonProfiledCodeHeapSize                  = 122027880                              {pd product} {ergonomic}
   size_t OldSize                                  = 70254592                                  {product} {ergonomic}
    uintx ProfiledCodeHeapSize                     = 122027880                              {pd product} {ergonomic}
    uintx ReservedCodeCacheSize                    = 251658240                              {pd product} {ergonomic}
     bool SegmentedCodeCache                       = true                                      {product} {ergonomic}
   size_t SoftMaxHeapSize                          = 1073741824                             {manageable} {ergonomic}
     bool UseCompressedOops                        = true                           {product lp64_product} {ergonomic}
     bool UseLargePagesIndividualAllocation        = false                                  {pd product} {ergonomic}
     bool UseParallelGC                            = true                                      {product} {command line}

Logging:
Log output configuration:
 #0: stdout all=off uptime,level,tags foldmultilines=false
 #1: stderr all=off uptime,level,tags foldmultilines=false

Environment Variables:
JAVA_HOME=C:\Program Files\Java\jdk-21
PATH=C:\Program Files\Google\Chrome\Application;C:\msys64\ucrt64\bin\;c:\Users\agoon\AppData\Local\Programs\cursor\resources\app\bin;C:\Program Files (x86)\Razer Chroma SDK\bin;C:\Program Files\Razer Chroma SDK\bin;C:\Program Files (x86)\Razer\ChromaBroadcast\bin;C:\Program Files\Razer\ChromaBroadcast\bin;C:\Python310\Scripts\;C:\Python310\;C:\Program Files\AdoptOpenJDK\jdk-17.0.2\bin;C:\Program Files (x86)\Common Files\Oracle\Java\javapath;C:\Python39\Scripts\;C:\Python39\;C:\Windows\system32;C:\Windows;C:\Windows\System32\Wbem;C:\Windows\System32\WindowsPowerShell\v1.0\;C:\Windows\System32\OpenSSH\;C:\ProgramData\chocolatey\bin;C:\Users\agoon\AppData\Roaming\Google\AndroidStudio4.1\plugins\Kotlin\kotlinc\bin;C:\Users\agoon\AppData\Local\Temp\OTMDD_2021-02-26-10-54-49-240\JRE64\bin;C:\Program Files\apache-maven-3.8.1\bin;C:\Program Files\jooby-cli\bin;C:\Program Files (x86)\Calibre2\;C:\Program Files\nodejs\;C:\Users\agoon\A;C:\Program Files (x86)\NVIDIA Corporation\PhysX\Common;C:\Program Files\dotnet\;C:\Program Files\NVIDIA Corporation\NVIDIA app\NvDLISR;C:\msys64\ucrt64\bin\;C:\Program Files\MySQL\MySQL Shell 8.0\bin\;C:\Users\agoon\AppData\Local\Microsoft\WindowsApps;C:\Users\agoon\AppData\Local\Programs\Microsoft VS Code\bin;C:\Program Files\heroku\bin;C:\Program Files\JetBrains\IntelliJ IDEA Community Edition 2021.1.2\bin;C:\Users\agoon\AppData\Roaming\npm;C:\Users\agoon\AppData\Local\GitHubDesktop\bin;C:\Users\agoon\.fly\bin;C:\Users\agoon\.dotnet\tools;C:\Program Files\JetBrains\IntelliJ IDEA 2023.3.1\bin;;d:\Program Files\JetBrains\RustRover 2024.1\bin;;D:\Users\agoon\AppData\Local\Programs\Windsurf\bin
USERNAME=agoon
OS=Windows_NT
PROCESSOR_IDENTIFIER=AMD64 Family 25 Model 33 Stepping 0, AuthenticAMD
TMP=C:\Users\agoon\AppData\Local\Temp
TEMP=C:\Users\agoon\AppData\Local\Temp




Periodic native trim disabled

---------------  S Y S T E M  ---------------

OS:
 Windows 10 , 64 bit Build 19041 (10.0.19041.5198)
OS uptime: 0 days 4:47 hours

CPU: total 16 (initial active 16) (16 cores per cpu, 2 threads per core) family 25 model 33 stepping 0 microcode 0x0, cx8, cmov, fxsr, ht, mmx, 3dnowpref, sse, sse2, sse3, ssse3, sse4a, sse4.1, sse4.2, popcnt, lzcnt, tsc, tscinvbit, avx, avx2, aes, erms, clmul, bmi1, bmi2, adx, sha, fma, vzeroupper, clflush, clflushopt, rdtscp, rdpid, fsrm, f16c, pku, cet_ss
Processor Information for the first 16 processors :
  Max Mhz: 3801, Current Mhz: 3801, Mhz Limit: 3801

Memory: 4k page, system-wide physical 32679M (10017M free)
TotalPageFile size 32679M (AvailPageFile size 8M)
current process WorkingSet (physical memory assigned to process): 68M, peak: 68M
current process commit charge ("private bytes"): 218M, peak: 219M

vm_info: OpenJDK 64-Bit Server VM (21.0.6+7-LTS) for windows-amd64 JRE (21.0.6+7-LTS), built on 2025-01-21T00:00:00Z by "admin" with MS VC++ 17.7 (VS2022)

END.
